ID,FIRSTNAME,LASTNAME,TOTAL_EUROS
2,Jane,Smith,50.00
1,John,Doe,30.00
